fetching /leagues ...
saved leagues.json (1121 KB)
league tiers loaded
paginating /proMatches ...
  page 1: total T1 29 (scan cursor 8988152817)
  page 2: total T1 32 (scan cursor 8973944033)
  page 3: total T1 48 (scan cursor 8973009675)
  page 4: total T1 57 (scan cursor 8971964803)
  page 5: total T1 78 (scan cursor 8960762254)
  page 6: total T1 177 (scan cursor 8944676424)
  page 7: total T1 222 (scan cursor 8932318084)
  page 8: total T1 260 (scan cursor 8924328537)
  page 9: total T1 294 (scan cursor 8920209768)
  page 10: total T1 294 (scan cursor 8908710300)
  page 11: total T1 364 (scan cursor 8890008812)
  page 12: total T1 451 (scan cursor 8876753073)
  page 13: total T1 451 (scan cursor 8874853800)
  page 14: total T1 451 (scan cursor 8873309821)
  page 15: total T1 511 (scan cursor 8862950264)
  page 16: total T1 611 (scan cursor 8854675539)
saved t1Matches.json (220 KB)
fetching slim details for 60 recent T1 matches ...
  [1/60] ok 8996973546
  [2/60] ok 8996904414
  [3/60] ok 8996835842
  [4/60] ok 8996772760
  [5/60] ok 8996676912
  [6/60] ok 8996644979
  [7/60] ok 8996581680
  [8/60] ok 8996565323
  [9/60] ok 8996439080
  [10/60] ok 8996384883
  [11/60] ok 8996322528
  [12/60] ok 8996259155
  [13/60] ok 8995710809
  [14/60] ok 8995582836
  [15/60] ok 8995417611
  [16/60] ok 8995259364
  [17/60] ok 8995085405
  [18/60] ok 8995038826
  [19/60] ok 8994944191
  [20/60] ok 8994936160
  [21/60] ok 8994847185
  [22/60] ok 8994796331
  [23/60] ok 8994767452
  [24/60] ok 8994691423
  [25/60] ok 8994679957
  [26/60] ok 8994571666
  [27/60] ok 8994513206
  [28/60] ok 8994445898
  [29/60] ok 8994387089
  [30/60] ok 8974185539
  [31/60] ok 8974053011
  [32/60] ok 8973944033
  [33/60] ok 8973896494
  [34/60] ok 8973884000
  [35/60] ok 8973859403
  [36/60] ok 8973825431
  [37/60] ok 8973763061
  [38/60] ok 8973731201
  [39/60] ok 8973707438
  [40/60] ok 8973653314
  [41/60] ok 8973613420
  [42/60] ok 8973568453
  [43/60] ok 8973556461
  [44/60] ok 8973502629
  [45/60] ok 8973462028
  [46/60] ok 8973405568
  [47/60] ok 8973337131
  [48/60] ok 8973011673
  [49/60] ok 8972893200
  [50/60] ok 8972773416
  [51/60] ok 8972611918
  [52/60] ok 8972502454
  [53/60] ok 8972289868
  [54/60] ok 8972115962
  [55/60] ok 8972087667
  [56/60] ok 8971965482
  [57/60] ok 8971964803
  [58/60] ok 8971923726
  [59/60] ok 8971849697
  [60/60] ok 8971845695
saved t1Details.json (301 KB)
ALL DONE
